NEW
Path:
floor/floor
0
Transformations:
-0.0
0.0
0.0
0.0
0.0
-0.0
Collider:
0
40.0
1.0
40.0
END
NEW
Path:
wall/wall
1
Transformations:
20.5
3.0
-17.5
0.0
0.0
0.0
Collider:
0
1.0
5.0
5.0
END
NEW
Path:
wall/wall
1
Transformations:
20.5
3.0
-12.5
0.0
0.0
0.0
Collider:
0
1.0
5.0
5.0
END
NEW
Path:
wall/wall
1
Transformations:
20.5
3.0
-7.5
0.0
0.0
0.0
Collider:
0
1.0
5.0
5.0
END
NEW
Path:
wall/wall
1
Transformations:
20.5
3.0
-2.5
0.0
0.0
0.0
Collider:
0
1.0
5.0
5.0
END
NEW
Path:
wall/wall
1
Transformations:
20.5
3.0
2.5
0.0
0.0
0.0
Collider:
0
1.0
5.0
5.0
END
NEW
Path:
wall/wall
1
Transformations:
20.5
3.0
7.5
0.0
0.0
0.0
Collider:
0
1.0
5.0
5.0
END
NEW
Path:
wall/wall
1
Transformations:
20.5
3.0
12.5
0.0
0.0
0.0
Collider:
0
1.0
5.0
5.0
END
NEW
Path:
wall/wall
1
Transformations:
20.5
3.0
17.5
0.0
0.0
0.0
Collider:
0
1.0
5.0
5.0
END
NEW
Path:
wall/wall
1
Transformations:
-20.5
3.0
-17.5
0.0
0.0
-0.0
Collider:
0
1.0
5.0
5.0
END
NEW
Path:
wall/wall
1
Transformations:
-20.5
3.0
-12.5
0.0
0.0
-0.0
Collider:
0
1.0
5.0
5.0
END
NEW
Path:
wall/wall
1
Transformations:
-20.5
3.0
-7.5
0.0
0.0
-0.0
Collider:
0
1.0
5.0
5.0
END
NEW
Path:
wall/wall
1
Transformations:
-20.5
3.0
-2.5
0.0
0.0
-0.0
Collider:
0
1.0
5.0
5.0
END
NEW
Path:
wall/wall
1
Transformations:
-20.5
3.0
2.5
0.0
0.0
-0.0
Collider:
0
1.0
5.0
5.0
END
NEW
Path:
wall/wall
1
Transformations:
-20.5
3.0
7.5
0.0
0.0
-0.0
Collider:
0
1.0
5.0
5.0
END
NEW
Path:
wall/wall
1
Transformations:
-20.5
3.0
12.5
0.0
0.0
-0.0
Collider:
0
1.0
5.0
5.0
END
NEW
Path:
wall/wall
1
Transformations:
-20.5
3.0
17.5
0.0
0.0
-0.0
Collider:
0
1.0
5.0
5.0
END
NEW
Path:
wall/wall
1
Transformations:
-2.5
3.0
-20.5
0.0
-90.0
-0.0
Collider:
0
5.0
5.0
1.0
END
NEW
Path:
wall/wall
1
Transformations:
-7.5
3.0
-20.5
0.0
-90.0
-0.0
Collider:
0
5.0
5.0
1.0
END
NEW
Path:
wall/wall
1
Transformations:
-12.5
3.0
-20.5
0.0
-90.0
-0.0
Collider:
0
5.0
5.0
1.0
END
NEW
Path:
wall/wall
1
Transformations:
-17.5
3.0
-20.5
0.0
-90.0
-0.0
Collider:
0
5.0
5.0
1.0
END
NEW
Path:
wall/wall
1
Transformations:
2.5
3.0
-20.5
0.0
90.0
-0.0
Collider:
0
5.0
5.0
1.0
END
NEW
Path:
wall/wall
1
Transformations:
7.5
3.0
-20.5
0.0
90.0
-0.0
Collider:
0
5.0
5.0
1.0
END
NEW
Path:
wall/wall
1
Transformations:
12.5
3.0
-20.5
0.0
90.0
-0.0
Collider:
0
5.0
5.0
1.0
END
NEW
Path:
wall/wall
1
Transformations:
17.5
3.0
-20.5
0.0
90.0
-0.0
Collider:
0
5.0
5.0
1.0
END
NEW
Path:
wall/wall
1
Transformations:
17.5
3.0
20.5
0.0
-90.0
-0.0
Collider:
0
5.0
5.0
1.0
END
NEW
Path:
wall/wall
1
Transformations:
12.5
3.0
20.5
0.0
-90.0
-0.0
Collider:
0
5.0
5.0
1.0
END
NEW
Path:
wall/wall
1
Transformations:
7.5
3.0
20.5
0.0
-90.0
-0.0
Collider:
0
5.0
5.0
1.0
END
NEW
Path:
wall/wall
1
Transformations:
2.5
3.0
20.5
0.0
-90.0
-0.0
Collider:
0
5.0
5.0
1.0
END
NEW
Path:
wall/wall
1
Transformations:
-17.5
3.0
20.5
0.0
90.0
-0.0
Collider:
0
5.0
5.0
1.0
END
NEW
Path:
wall/wall
1
Transformations:
-12.5
3.0
20.5
0.0
90.0
-0.0
Collider:
0
5.0
5.0
1.0
END
NEW
Path:
wall/wall
1
Transformations:
-7.5
3.0
20.5
0.0
90.0
-0.0
Collider:
0
5.0
5.0
1.0
END
NEW
Path:
wall/wall
1
Transformations:
-2.5
3.0
20.5
0.0
90.0
-0.0
Collider:
0
5.0
5.0
1.0
END
NEW
Path:
wall/wall
1
Transformations:
5.5
3.0
-17.5
0.0
0.0
-0.0
Collider:
0
1.0
5.0
5.0
END
NEW
Path:
wall/wall
1
Transformations:
-5.5
3.0
-17.5
0.0
0.0
-0.0
Collider:
0
1.0
5.0
5.0
END
NEW
Path:
wall/wall
1
Transformations:
3.5
3.0
-14.5
0.0
90.0
-0.0
Collider:
0
5.0
5.0
1.0
END
NEW
Path:
wall/wall
1
Transformations:
-8.5
3.0
-14.5
0.0
-90.0
-0.0
Collider:
0
5.0
5.0
1.0
END
NEW
Path:
wall/wall
1
Transformations:
-11.5
3.0
-11.5
0.0
0.0
-0.0
Collider:
0
1.0
5.0
5.0
END
NEW
Path:
wall/wall
1
Transformations:
-11.5
3.0
-6.5
0.0
0.0
-0.0
Collider:
0
1.0
5.0
5.0
END
NEW
Path:
wall/wall
1
Transformations:
-11.5
3.0
-1.5
0.0
0.0
-0.0
Collider:
0
1.0
5.0
5.0
END
NEW
Path:
wall/wall
1
Transformations:
-11.5
3.0
3.5
0.0
0.0
-0.0
Collider:
0
1.0
5.0
5.0
END
NEW
Path:
wall/wall
1
Transformations:
-11.5
3.0
8.5
0.0
0.0
-0.0
Collider:
0
1.0
5.0
5.0
END
NEW
Path:
wall/wall
1
Transformations:
-11.5
3.0
13.5
0.0
0.0
-0.0
Collider:
0
1.0
5.0
5.0
END
NEW
Path:
wall/wall
1
Transformations:
-3.5
3.0
-14.5
0.0
-90.0
-0.0
Collider:
0
5.0
5.0
1.0
END
