NEW
Name:
Podloga.001
Path:
floor/floor
Transformations:
-0.0
0.0
0.0
0.0
0.0
0.0
END
NEW
Name:
Sciana_1.001
Path:
wall/wall
Transformations:
20.5
3.0
-17.5
0.0
0.0
0.0
END
NEW
Name:
Sciana_1.002
Path:
wall/wall
Transformations:
20.5
3.0
-12.5
0.0
0.0
0.0
END
NEW
Name:
Sciana_1.003
Path:
wall/wall
Transformations:
20.5
3.0
-7.5
0.0
0.0
0.0
END
NEW
Name:
Sciana_1.004
Path:
wall/wall
Transformations:
20.5
3.0
-2.5
0.0
0.0
0.0
END
NEW
Name:
Sciana_1.005
Path:
wall/wall
Transformations:
20.5
3.0
2.5
0.0
0.0
0.0
END
NEW
Name:
Sciana_1.006
Path:
wall/wall
Transformations:
20.5
3.0
7.5
0.0
0.0
0.0
END
NEW
Name:
Sciana_1.007
Path:
wall/wall
Transformations:
20.5
3.0
12.5
0.0
0.0
0.0
END
NEW
Name:
Sciana_1.008
Path:
wall/wall
Transformations:
20.5
3.0
17.5
0.0
0.0
0.0
END
NEW
Name:
Sciana_1.009
Path:
wall/wall
Transformations:
-20.5
3.0
17.5
0.0
-180.0
-0.0
END
NEW
Name:
Sciana_1.010
Path:
wall/wall
Transformations:
-20.5
3.0
12.5
0.0
-180.0
-0.0
END
NEW
Name:
Sciana_1.011
Path:
wall/wall
Transformations:
-20.5
3.0
7.5
0.0
-180.0
-0.0
END
NEW
Name:
Sciana_1.012
Path:
wall/wall
Transformations:
-20.5
3.0
2.5
0.0
-180.0
-0.0
END
NEW
Name:
Sciana_1.013
Path:
wall/wall
Transformations:
-20.5
3.0
-2.5
0.0
-180.0
-0.0
END
NEW
Name:
Sciana_1.014
Path:
wall/wall
Transformations:
-20.5
3.0
-7.5
0.0
-180.0
-0.0
END
NEW
Name:
Sciana_1.015
Path:
wall/wall
Transformations:
-20.5
3.0
-12.5
0.0
-180.0
-0.0
END
NEW
Name:
Sciana_1.016
Path:
wall/wall
Transformations:
-20.5
3.0
-17.5
0.0
-180.0
-0.0
END
NEW
Name:
Sciana_1.017
Path:
wall/wall
Transformations:
-17.5
3.0
-20.5
0.0
90.0
-0.0
END
NEW
Name:
Sciana_1.018
Path:
wall/wall
Transformations:
-12.5
3.0
-20.5
0.0
90.0
-0.0
END
NEW
Name:
Sciana_1.019
Path:
wall/wall
Transformations:
-7.5
3.0
-20.5
0.0
90.0
-0.0
END
NEW
Name:
Sciana_1.020
Path:
wall/wall
Transformations:
-2.5
3.0
-20.5
0.0
90.0
-0.0
END
NEW
Name:
Sciana_1.021
Path:
wall/wall
Transformations:
2.5
3.0
-20.5
0.0
90.0
-0.0
END
NEW
Name:
Sciana_1.022
Path:
wall/wall
Transformations:
7.5
3.0
-20.5
0.0
90.0
-0.0
END
NEW
Name:
Sciana_1.023
Path:
wall/wall
Transformations:
12.5
3.0
-20.5
0.0
90.0
-0.0
END
NEW
Name:
Sciana_1.024
Path:
wall/wall
Transformations:
17.5
3.0
-20.5
0.0
90.0
-0.0
END
NEW
Name:
Sciana_1.025
Path:
wall/wall
Transformations:
17.5
3.0
20.5
0.0
-90.0
-0.0
END
NEW
Name:
Sciana_1.026
Path:
wall/wall
Transformations:
12.5
3.0
20.5
0.0
-90.0
-0.0
END
NEW
Name:
Sciana_1.027
Path:
wall/wall
Transformations:
7.5
3.0
20.5
0.0
-90.0
-0.0
END
NEW
Name:
Sciana_1.028
Path:
wall/wall
Transformations:
2.5
3.0
20.5
0.0
-90.0
-0.0
END
NEW
Name:
Sciana_1.029
Path:
wall/wall
Transformations:
-2.5
3.0
20.5
0.0
-90.0
-0.0
END
NEW
Name:
Sciana_1.030
Path:
wall/wall
Transformations:
-7.5
3.0
20.5
0.0
-90.0
-0.0
END
NEW
Name:
Sciana_1.031
Path:
wall/wall
Transformations:
-12.5
3.0
20.5
0.0
-90.0
-0.0
END
NEW
Name:
Sciana_1.032
Path:
wall/wall
Transformations:
-17.5
3.0
20.5
0.0
-90.0
-0.0
END
NEW
Name:
Sciana_1.033
Path:
wall/wall
Transformations:
5.5
3.0
-17.5
0.0
0.0
-0.0
END
NEW
Name:
Sciana_1.034
Path:
wall/wall
Transformations:
-5.5
3.0
-17.5
0.0
0.0
-0.0
END
NEW
Name:
Sciana_1.035
Path:
wall/wall
Transformations:
3.5
3.0
-14.5
0.0
90.0
-0.0
END
NEW
Name:
Sciana_1.036
Path:
wall/wall
Transformations:
-3.5
3.0
-14.5
0.0
90.0
-0.0
END
NEW
Name:
Sciana_1.037
Path:
wall/wall
Transformations:
-11.5
3.0
12.5
0.0
-180.0
-0.0
END
NEW
Name:
Sciana_1.038
Path:
wall/wall
Transformations:
-11.5
3.0
7.5
0.0
-180.0
-0.0
END
NEW
Name:
Sciana_1.039
Path:
wall/wall
Transformations:
-11.5
3.0
2.5
0.0
-180.0
-0.0
END
NEW
Name:
Sciana_1.040
Path:
wall/wall
Transformations:
-11.5
3.0
-2.5
0.0
-180.0
-0.0
END
NEW
Name:
Sciana_1.041
Path:
wall/wall
Transformations:
-11.5
3.0
-7.5
0.0
-180.0
-0.0
END
NEW
Name:
Sciana_1.042
Path:
wall/wall
Transformations:
-11.5
3.0
-12.5
0.0
-180.0
-0.0
END
NEW
Name:
Sciana_1.043
Path:
wall/wall
Transformations:
-8.5
3.0
-14.5
0.0
90.0
-0.0
END
